Set gradient conv threshold to 0.0001
init E= -5.1250555300961
cycle= 1 E= -5.64838770003995  delta_E= -0.523  |g|= 0.135  |ddm|= 1.84
cycle= 2 E= -5.68067017328038  delta_E= -0.0323  |g|= 0.118  |ddm|= 0.285
cycle= 3 E= -5.68482451993776  delta_E= -0.00415  |g|= 0.0288  |ddm|= 0.18
cycle= 4 E= -5.68505137526255  delta_E= -0.000227  |g|= 0.0104  |ddm|= 0.0226
cycle= 5 E= -5.6850838576429  delta_E= -3.25e-05  |g|= 0.00171  |ddm|= 0.014
cycle= 6 E= -5.68508483585543  delta_E= -9.78e-07  |g|= 0.000593  |ddm|= 0.00177
cycle= 7 E= -5.68508494551616  delta_E= -1.1e-07  |g|= 0.000271  |ddm|= 0.00049
cycle= 8 E= -5.68508497458836  delta_E= -2.91e-08  |g|= 1.16e-06  |ddm|= 0.000415
cycle= 9 E= -5.68508497458886  delta_E= -4.96e-13  |g|= 3.12e-07  |ddm|= 1.68e-06
Extra cycle  E= -5.68508497458889  delta_E= -2.58e-14  |g|= 3.15e-08  |ddm|= 3.43e-07
Set gradient conv threshold to 0.0001
init E= -10.2466012395745
cycle= 1 E= -11.6658049184226  delta_E= -1.42  |g|= 0.261  |ddm|=  2.5
cycle= 2 E= -11.7782796819104  delta_E= -0.112  |g|= 0.267  |ddm|= 0.515
cycle= 3 E= -11.7987654138148  delta_E= -0.0205  |g|= 0.0581  |ddm|= 0.391
cycle= 4 E= -11.7996573689563  delta_E= -0.000892  |g|= 0.0188  |ddm|= 0.0459
cycle= 5 E= -11.7997595258293  delta_E= -0.000102  |g|= 0.0029  |ddm|= 0.0246
cycle= 6 E= -11.799761998669  delta_E= -2.47e-06  |g|= 0.00073  |ddm|= 0.00294
cycle= 7 E= -11.7997621395522  delta_E= -1.41e-07  |g|= 0.000308  |ddm|= 0.00055
cycle= 8 E= -11.7997621707627  delta_E= -3.12e-08  |g|= 3.38e-05  |ddm|= 0.000408
cycle= 9 E= -11.7997621710843  delta_E= -3.22e-10  |g|= 1.37e-05  |ddm|= 2.84e-05
Extra cycle  E= -11.7997621711439  delta_E= -5.97e-11  |g|= 1.05e-06  |ddm|= 1.66e-05
Set gradient conv threshold to 0.0001
init E= -5.1250555300961
init E= -10.2466012395745
cycle= 1 E= -5.64838770001802  delta_E= -0.523  |g|= 0.135  |ddm|= 1.84
cycle= 1 E= -11.6658049184152  delta_E= -1.42  |g|= 0.261  |ddm|=  2.5
cycle= 2 E= -5.68067017328237  delta_E= -0.0323  |g|= 0.118  |ddm|= 0.285
cycle= 2 E= -11.7782796819102  delta_E= -0.112  |g|= 0.267  |ddm|= 0.515
cycle= 3 E= -5.68482451993738  delta_E= -0.00415  |g|= 0.0288  |ddm|= 0.18
cycle= 3 E= -11.7987654138072  delta_E= -0.0205  |g|= 0.0581  |ddm|= 0.391
cycle= 4 E= -5.68505137526111  delta_E= -0.000227  |g|= 0.0104  |ddm|= 0.0226
cycle= 4 E= -11.7996573689514  delta_E= -0.000892  |g|= 0.0188  |ddm|= 0.0459
cycle= 5 E= -5.68508385764256  delta_E= -3.25e-05  |g|= 0.00171  |ddm|= 0.014
cycle= 5 E= -11.7997595258232  delta_E= -0.000102  |g|= 0.0029  |ddm|= 0.0246
cycle= 6 E= -5.6850848358552  delta_E= -9.78e-07  |g|= 0.000593  |ddm|= 0.00177
cycle= 6 E= -11.7997619986626  delta_E= -2.47e-06  |g|= 0.00073  |ddm|= 0.00294
cycle= 7 E= -5.68508494551591  delta_E= -1.1e-07  |g|= 0.000271  |ddm|= 0.00049
cycle= 7 E= -11.7997621395456  delta_E= -1.41e-07  |g|= 0.000308  |ddm|= 0.00055
cycle= 8 E= -5.68508497458806  delta_E= -2.91e-08  |g|= 1.16e-06  |ddm|= 0.000415
cycle= 8 E= -11.7997621707561  delta_E= -3.12e-08  |g|= 3.38e-05  |ddm|= 0.000408
cycle= 9 E= -5.68508497458855  delta_E= -4.91e-13  |g|= 3.12e-07  |ddm|= 1.68e-06
cycle= 9 E= -11.7997621710777  delta_E= -3.22e-10  |g|= 1.37e-05  |ddm|= 2.84e-05
Extra cycle  E= -5.68508497458858  delta_E= -2.84e-14  |g|= 3.25e-08  |ddm|= 3.41e-07
Extra cycle  E= -11.7997621711373  delta_E= -5.97e-11  |g|= 1.05e-06  |ddm|= 1.66e-05

Energies:
Batched: [-154.69911559 -321.08803655]
Exact:   [-154.69911559 -321.08803655]

QM Gradients max diff:
  Sample 0: 7.900301e-09
  Sample 1: 6.360921e-10

MM Gradients max diff:
  Sample 0: 1.636704e-09
  Sample 1: 7.135764e-11
